// Jest Snapshot v1, https://goo.gl/fbAQLP

exports[`New Asset Category Modal Renders correctly 1`] = `
{
  "asFragment": [Function],
  "baseElement": <body>
    <div>
      <div
        class="MuiStack-root css-1okj3ks-MuiStack-root"
        data-testid="new-asset-category-modal-loading-skeleton"
      >
        <span
          class="MuiSkeleton-root MuiSkeleton-rectangular MuiSkeleton-pulse css-58ftfq-MuiSkeleton-root"
          style="width: 310px; height: 60px;"
        />
        <span
          class="MuiSkeleton-root MuiSkeleton-rectangular MuiSkeleton-pulse css-58ftfq-MuiSkeleton-root"
          style="width: 310px; height: 60px;"
        />
        <span
          class="MuiSkeleton-root MuiSkeleton-rectangular MuiSkeleton-pulse css-58ftfq-MuiSkeleton-root"
          style="width: 210px; height: 30px;"
        />
        <span
          class="MuiSkeleton-root MuiSkeleton-rounded MuiSkeleton-pulse css-1ukovu3-MuiSkeleton-root"
          style="width: 210px; height: 60px;"
        />
        <span
          class="MuiSkeleton-root MuiSkeleton-rectangular MuiSkeleton-pulse css-58ftfq-MuiSkeleton-root"
          style="width: 210px; height: 30px;"
        />
        <span
          class="MuiSkeleton-root MuiSkeleton-rounded MuiSkeleton-pulse css-1ukovu3-MuiSkeleton-root"
          style="width: 210px; height: 60px;"
        />
        <span
          class="MuiSkeleton-root MuiSkeleton-rectangular MuiSkeleton-pulse css-58ftfq-MuiSkeleton-root"
          style="width: 210px; height: 30px;"
        />
        <span
          class="MuiSkeleton-root MuiSkeleton-rounded MuiSkeleton-pulse css-1ukovu3-MuiSkeleton-root"
          style="width: 210px; height: 60px;"
        />
        <span
          class="MuiSkeleton-root MuiSkeleton-rectangular MuiSkeleton-pulse css-58ftfq-MuiSkeleton-root"
          style="width: 210px; height: 30px;"
        />
        <span
          class="MuiSkeleton-root MuiSkeleton-rounded MuiSkeleton-pulse css-1ukovu3-MuiSkeleton-root"
          style="width: 210px; height: 60px;"
        />
      </div>
    </div>
  </body>,
  "container": <div>
    <div
      class="MuiStack-root css-1okj3ks-MuiStack-root"
      data-testid="new-asset-category-modal-loading-skeleton"
    >
      <span
        class="MuiSkeleton-root MuiSkeleton-rectangular MuiSkeleton-pulse css-58ftfq-MuiSkeleton-root"
        style="width: 310px; height: 60px;"
      />
      <span
        class="MuiSkeleton-root MuiSkeleton-rectangular MuiSkeleton-pulse css-58ftfq-MuiSkeleton-root"
        style="width: 310px; height: 60px;"
      />
      <span
        class="MuiSkeleton-root MuiSkeleton-rectangular MuiSkeleton-pulse css-58ftfq-MuiSkeleton-root"
        style="width: 210px; height: 30px;"
      />
      <span
        class="MuiSkeleton-root MuiSkeleton-rounded MuiSkeleton-pulse css-1ukovu3-MuiSkeleton-root"
        style="width: 210px; height: 60px;"
      />
      <span
        class="MuiSkeleton-root MuiSkeleton-rectangular MuiSkeleton-pulse css-58ftfq-MuiSkeleton-root"
        style="width: 210px; height: 30px;"
      />
      <span
        class="MuiSkeleton-root MuiSkeleton-rounded MuiSkeleton-pulse css-1ukovu3-MuiSkeleton-root"
        style="width: 210px; height: 60px;"
      />
      <span
        class="MuiSkeleton-root MuiSkeleton-rectangular MuiSkeleton-pulse css-58ftfq-MuiSkeleton-root"
        style="width: 210px; height: 30px;"
      />
      <span
        class="MuiSkeleton-root MuiSkeleton-rounded MuiSkeleton-pulse css-1ukovu3-MuiSkeleton-root"
        style="width: 210px; height: 60px;"
      />
      <span
        class="MuiSkeleton-root MuiSkeleton-rectangular MuiSkeleton-pulse css-58ftfq-MuiSkeleton-root"
        style="width: 210px; height: 30px;"
      />
      <span
        class="MuiSkeleton-root MuiSkeleton-rounded MuiSkeleton-pulse css-1ukovu3-MuiSkeleton-root"
        style="width: 210px; height: 60px;"
      />
    </div>
  </div>,
  "debug": [Function],
  "findAllByAltText": [Function],
  "findAllByDisplayValue": [Function],
  "findAllByLabelText": [Function],
  "findAllByPlaceholderText": [Function],
  "findAllByRole": [Function],
  "findAllByTestId": [Function],
  "findAllByText": [Function],
  "findAllByTitle": [Function],
  "findByAltText": [Function],
  "findByDisplayValue": [Function],
  "findByLabelText": [Function],
  "findByPlaceholderText": [Function],
  "findByRole": [Function],
  "findByTestId": [Function],
  "findByText": [Function],
  "findByTitle": [Function],
  "getAllByAltText": [Function],
  "getAllByDisplayValue": [Function],
  "getAllByLabelText": [Function],
  "getAllByPlaceholderText": [Function],
  "getAllByRole": [Function],
  "getAllByTestId": [Function],
  "getAllByText": [Function],
  "getAllByTitle": [Function],
  "getByAltText": [Function],
  "getByDisplayValue": [Function],
  "getByLabelText": [Function],
  "getByPlaceholderText": [Function],
  "getByRole": [Function],
  "getByTestId": [Function],
  "getByText": [Function],
  "getByTitle": [Function],
  "queryAllByAltText": [Function],
  "queryAllByDisplayValue": [Function],
  "queryAllByLabelText": [Function],
  "queryAllByPlaceholderText": [Function],
  "queryAllByRole": [Function],
  "queryAllByTestId": [Function],
  "queryAllByText": [Function],
  "queryAllByTitle": [Function],
  "queryByAltText": [Function],
  "queryByDisplayValue": [Function],
  "queryByLabelText": [Function],
  "queryByPlaceholderText": [Function],
  "queryByRole": [Function],
  "queryByTestId": [Function],
  "queryByText": [Function],
  "queryByTitle": [Function],
  "rerender": [Function],
  "unmount": [Function],
}
`;
