// Jest Snapshot v1, https://goo.gl/fbAQLP

exports[`Costs Config Page Renders correctly 1`] = `
<div
  className="MuiBox-root css-rm9e7r"
>
  <div
    className="MuiPaper-root MuiPaper-elevation MuiPaper-rounded MuiPaper-elevation1 MuiCard-root css-2amshd-MuiPaper-root-MuiCard-root"
  >
    <div
      className="MuiCardContent-root css-19z7m71-MuiCardContent-root"
    >
      <p
        className="MuiTypography-root MuiTypography-body1 MuiTypography-gutterBottom css-1xbr41s-MuiTypography-root"
      >
        Admin Test Panel
      </p>
      <div
        className="MuiBox-root css-1yuhvjn"
      >
        <div
          className="MuiFormControl-root MuiTextField-root css-j1gnhe-MuiFormControl-root-MuiTextField-root"
        >
          <label
            className="MuiFormLabel-root MuiInputLabel-root MuiInputLabel-formControl MuiInputLabel-animated MuiInputLabel-shrink MuiInputLabel-outlined MuiFormLabel-colorPrimary MuiFormLabel-filled MuiInputLabel-root MuiInputLabel-formControl MuiInputLabel-animated MuiInputLabel-shrink MuiInputLabel-outlined css-1fz07n4-MuiFormLabel-root-MuiInputLabel-root"
            data-shrink={true}
            htmlFor="configurator-permission-level-select"
            id="configurator-permission-level-select-label"
          >
            Config Permission Level
          </label>
          <div
            className="MuiInputBase-root MuiOutlinedInput-root MuiInputBase-colorPrimary MuiInputBase-formControl css-rs3fbt-MuiInputBase-root-MuiOutlinedInput-root"
            onClick={[Function]}
          >
            <select
              aria-invalid={false}
              autoFocus={false}
              className="MuiNativeSelect-select MuiNativeSelect-outlined MuiInputBase-input MuiOutlinedInput-input css-tgau9p-MuiNativeSelect-select-MuiInputBase-input-MuiOutlinedInput-input"
              disabled={false}
              id="configurator-permission-level-select"
              multiple={false}
              onAnimationStart={[Function]}
              onBlur={[Function]}
              onChange={[Function]}
              onFocus={[Function]}
              required={false}
              value="Global"
            >
              <option
                value="Global"
              >
                Global
              </option>
              <option
                value="Customer"
              >
                Customer
              </option>
              <option
                value="Project"
              >
                Project
              </option>
              <option
                value="Collection"
              >
                Collection
              </option>
            </select>
            <svg
              aria-hidden={true}
              className="MuiSvgIcon-root MuiSvgIcon-fontSizeMedium MuiNativeSelect-icon MuiNativeSelect-iconOutlined css-1o9beye-MuiSvgIcon-root-MuiNativeSelect-icon"
              data-testid="ArrowDropDownIcon"
              focusable="false"
              viewBox="0 0 24 24"
            >
              <path
                d="M7 10l5 5 5-5z"
              />
            </svg>
            <fieldset
              aria-hidden={true}
              className="MuiOutlinedInput-notchedOutline css-1d3z3hw-MuiOutlinedInput-notchedOutline"
            >
              <legend
                className="css-14lo706"
              >
                <span>
                  Config Permission Level
                </span>
              </legend>
            </fieldset>
          </div>
        </div>
      </div>
    </div>
  </div>
  <div
    className="MuiBox-root css-78351c"
  >
    <h4
      className="MuiTypography-root MuiTypography-h4 css-1qbrrsr-MuiTypography-root"
    >
      Costing Configuration - Lloyds Bank - 
      Global
       
    </h4>
  </div>
  <div
    className="MuiBox-root css-15edkaw"
  >
    <button
      className="MuiButtonBase-root MuiButton-root MuiButton-outlined MuiButton-outlinedSecondary MuiButton-sizeMedium MuiButton-outlinedSizeMedium Mui-disabled MuiButton-root MuiButton-outlined MuiButton-outlinedSecondary MuiButton-sizeMedium MuiButton-outlinedSizeMedium css-qgun7i-MuiButtonBase-root-MuiButton-root"
      disabled={true}
      onBlur={[Function]}
      onClick={[Function]}
      onContextMenu={[Function]}
      onDragLeave={[Function]}
      onFocus={[Function]}
      onKeyDown={[Function]}
      onKeyUp={[Function]}
      onMouseDown={[Function]}
      onMouseLeave={[Function]}
      onMouseUp={[Function]}
      onTouchEnd={[Function]}
      onTouchMove={[Function]}
      onTouchStart={[Function]}
      tabIndex={-1}
      type="button"
    >
      Cancel
    </button>
    <button
      className="MuiButtonBase-root MuiButton-root MuiLoadingButton-root MuiButton-contained MuiButton-containedSecondary MuiButton-sizeMedium MuiButton-containedSizeMedium Mui-disabled MuiButton-root MuiLoadingButton-root MuiButton-contained MuiButton-containedSecondary MuiButton-sizeMedium MuiButton-containedSizeMedium css-z5z3qu-MuiButtonBase-root-MuiButton-root-MuiLoadingButton-root"
      disabled={true}
      id=":r1:"
      onBlur={[Function]}
      onClick={[Function]}
      onContextMenu={[Function]}
      onDragLeave={[Function]}
      onFocus={[Function]}
      onKeyDown={[Function]}
      onKeyUp={[Function]}
      onMouseDown={[Function]}
      onMouseLeave={[Function]}
      onMouseUp={[Function]}
      onTouchEnd={[Function]}
      onTouchMove={[Function]}
      onTouchStart={[Function]}
      tabIndex={-1}
      type="button"
    >
      Save
    </button>
  </div>
</div>
`;
