// Jest Snapshot v1, https://goo.gl/fbAQLP

exports[`Kanban Board Renders correctly 1`] = `
<div
  data-simplebar="init"
  onMouseDown={[Function]}
>
  <div
    className="simplebar-wrapper"
  >
    <div
      className="simplebar-height-auto-observer-wrapper"
    >
      <div
        className="simplebar-height-auto-observer"
      />
    </div>
    <div
      className="simplebar-mask"
    >
      <div
        className="simplebar-offset"
      >
        <div
          aria-label="scrollable content"
          className="simplebar-content-wrapper"
          role="region"
          tabIndex={0}
        >
          <div
            className="simplebar-content"
          >
            <div
              className="MuiBox-root css-1yuhvjn"
            >
              <div
                className="MuiBox-root css-1xhj18k"
                data-testid="kanban-board-loading-skeleton"
              >
                <div
                  className="MuiBox-root css-1ay9vb9"
                >
                  <span
                    className="MuiSkeleton-root MuiSkeleton-text MuiSkeleton-pulse css-8n1xzc-MuiSkeleton-root"
                    style={
                      {
                        "height": 50,
                        "width": 190,
                      }
                    }
                  />
                  <span
                    className="MuiSkeleton-root MuiSkeleton-rectangular MuiSkeleton-pulse css-nko6dn-MuiSkeleton-root"
                    style={
                      {
                        "height": 100,
                        "width": 270,
                      }
                    }
                  />
                  <span
                    className="MuiSkeleton-root MuiSkeleton-rectangular MuiSkeleton-pulse css-nko6dn-MuiSkeleton-root"
                    style={
                      {
                        "height": 100,
                        "width": 270,
                      }
                    }
                  />
                </div>
                <div
                  className="MuiBox-root css-1ay9vb9"
                >
                  <span
                    className="MuiSkeleton-root MuiSkeleton-text MuiSkeleton-pulse css-8n1xzc-MuiSkeleton-root"
                    style={
                      {
                        "height": 50,
                        "width": 190,
                      }
                    }
                  />
                  <span
                    className="MuiSkeleton-root MuiSkeleton-rectangular MuiSkeleton-pulse css-nko6dn-MuiSkeleton-root"
                    style={
                      {
                        "height": 100,
                        "width": 270,
                      }
                    }
                  />
                  <span
                    className="MuiSkeleton-root MuiSkeleton-rectangular MuiSkeleton-pulse css-nko6dn-MuiSkeleton-root"
                    style={
                      {
                        "height": 100,
                        "width": 270,
                      }
                    }
                  />
                </div>
                <div
                  className="MuiBox-root css-1ay9vb9"
                >
                  <span
                    className="MuiSkeleton-root MuiSkeleton-text MuiSkeleton-pulse css-8n1xzc-MuiSkeleton-root"
                    style={
                      {
                        "height": 50,
                        "width": 190,
                      }
                    }
                  />
                  <span
                    className="MuiSkeleton-root MuiSkeleton-rectangular MuiSkeleton-pulse css-nko6dn-MuiSkeleton-root"
                    style={
                      {
                        "height": 100,
                        "width": 270,
                      }
                    }
                  />
                  <span
                    className="MuiSkeleton-root MuiSkeleton-rectangular MuiSkeleton-pulse css-nko6dn-MuiSkeleton-root"
                    style={
                      {
                        "height": 100,
                        "width": 270,
                      }
                    }
                  />
                </div>
              </div>
            </div>
          </div>
        </div>
      </div>
    </div>
    <div
      className="simplebar-placeholder"
    />
  </div>
  <div
    className="simplebar-track simplebar-horizontal"
  >
    <div
      className="simplebar-scrollbar"
    />
  </div>
  <div
    className="simplebar-track simplebar-vertical"
  >
    <div
      className="simplebar-scrollbar"
    />
  </div>
</div>
`;
