// Jest Snapshot v1, https://goo.gl/fbAQLP

exports[`Kanban Board Empty Renders correctly 1`] = `
<div
  className="MuiBox-root css-1xhj18k"
  data-testid="kanban-board-loading-skeleton"
>
  <div
    className="MuiBox-root css-1ay9vb9"
  >
    <span
      className="MuiSkeleton-root MuiSkeleton-text MuiSkeleton-pulse css-8n1xzc-MuiSkeleton-root"
      style={
        {
          "height": 50,
          "width": 190,
        }
      }
    />
    <span
      className="MuiSkeleton-root MuiSkeleton-rectangular MuiSkeleton-pulse css-nko6dn-MuiSkeleton-root"
      style={
        {
          "height": 100,
          "width": 270,
        }
      }
    />
    <span
      className="MuiSkeleton-root MuiSkeleton-rectangular MuiSkeleton-pulse css-nko6dn-MuiSkeleton-root"
      style={
        {
          "height": 100,
          "width": 270,
        }
      }
    />
  </div>
  <div
    className="MuiBox-root css-1ay9vb9"
  >
    <span
      className="MuiSkeleton-root MuiSkeleton-text MuiSkeleton-pulse css-8n1xzc-MuiSkeleton-root"
      style={
        {
          "height": 50,
          "width": 190,
        }
      }
    />
    <span
      className="MuiSkeleton-root MuiSkeleton-rectangular MuiSkeleton-pulse css-nko6dn-MuiSkeleton-root"
      style={
        {
          "height": 100,
          "width": 270,
        }
      }
    />
    <span
      className="MuiSkeleton-root MuiSkeleton-rectangular MuiSkeleton-pulse css-nko6dn-MuiSkeleton-root"
      style={
        {
          "height": 100,
          "width": 270,
        }
      }
    />
  </div>
  <div
    className="MuiBox-root css-1ay9vb9"
  >
    <span
      className="MuiSkeleton-root MuiSkeleton-text MuiSkeleton-pulse css-8n1xzc-MuiSkeleton-root"
      style={
        {
          "height": 50,
          "width": 190,
        }
      }
    />
    <span
      className="MuiSkeleton-root MuiSkeleton-rectangular MuiSkeleton-pulse css-nko6dn-MuiSkeleton-root"
      style={
        {
          "height": 100,
          "width": 270,
        }
      }
    />
    <span
      className="MuiSkeleton-root MuiSkeleton-rectangular MuiSkeleton-pulse css-nko6dn-MuiSkeleton-root"
      style={
        {
          "height": 100,
          "width": 270,
        }
      }
    />
  </div>
</div>
`;
