// Jest Snapshot v1, https://goo.gl/fbAQLP

exports[`Home Page Renders correctly 1`] = `
<div
  className="MuiContainer-root MuiContainer-maxWidthXs css-nzinn5-MuiContainer-root"
>
  <div
    className="MuiBox-root css-hordx"
  >
    <div
      className="MuiAvatar-root MuiAvatar-circular MuiAvatar-colorDefault css-1i1achz-MuiAvatar-root"
    >
      <svg
        aria-hidden={true}
        className="MuiSvgIcon-root MuiSvgIcon-fontSizeLarge css-tzssek-MuiSvgIcon-root"
        data-testid="DashboardIcon"
        focusable="false"
        viewBox="0 0 24 24"
      >
        <path
          d="M3 13h8V3H3v10zm0 8h8v-6H3v6zm10 0h8V11h-8v10zm0-18v6h8V3h-8z"
        />
      </svg>
    </div>
    <h1
      className="MuiTypography-root MuiTypography-h5 css-ag7rrr-MuiTypography-root"
    >
      Asecca SPA
    </h1>
    <a
      className="MuiButtonBase-root MuiButton-root MuiButton-contained MuiButton-containedSecondary MuiButton-sizeMedium MuiButton-containedSizeMedium MuiButton-fullWidth MuiButton-root MuiButton-contained MuiButton-containedSecondary MuiButton-sizeMedium MuiButton-containedSizeMedium MuiButton-fullWidth css-sui5fj-MuiButtonBase-root-MuiButton-root"
      href="/dashboard/configurators/costs-config"
      onBlur={[Function]}
      onClick={[Function]}
      onContextMenu={[Function]}
      onDragLeave={[Function]}
      onFocus={[Function]}
      onKeyDown={[Function]}
      onKeyUp={[Function]}
      onMouseDown={[Function]}
      onMouseEnter={[Function]}
      onMouseLeave={[Function]}
      onMouseUp={[Function]}
      onTouchEnd={[Function]}
      onTouchMove={[Function]}
      onTouchStart={[Function]}
      tabIndex={0}
    >
      Go to Dashboard
    </a>
  </div>
</div>
`;
