// Jest Snapshot v1, https://goo.gl/fbAQLP

exports[`Home Layout Renders correctly 1`] = `
<main
  id="home-page"
>
  <div
    className="css-sks9iv"
    id="background"
  />
  <header
    className="MuiPaper-root MuiPaper-elevation MuiPaper-elevation4 MuiAppBar-root MuiAppBar-colorPrimary MuiAppBar-positionFixed mui-fixed css-simfr2-MuiPaper-root-MuiAppBar-root"
  >
    <div
      className="MuiToolbar-root MuiToolbar-gutters MuiToolbar-regular css-1tfylnl-MuiToolbar-root"
    >
      <a
        href="/"
        onClick={[Function]}
        onMouseEnter={[Function]}
        onTouchStart={[Function]}
      >
        <img
          alt="Asecca logo"
          data-nimg="1"
          decoding="async"
          height={40}
          loading="lazy"
          onError={[Function]}
          onLoad={[Function]}
          src="/_next/image?url=%2Flogoblack.webp&w=640&q=75"
          srcSet="/_next/image?url=%2Flogoblack.webp&w=256&q=75 1x, /_next/image?url=%2Flogoblack.webp&w=640&q=75 2x"
          style={
            {
              "color": "transparent",
            }
          }
          width={195}
        />
      </a>
      <div
        className="MuiBox-root css-i9gxme"
      />
      <div
        className="MuiStack-root css-d4yjqk-MuiStack-root"
      >
        <label
          className="MuiFormControlLabel-root MuiFormControlLabel-labelPlacementEnd css-1vbggne-MuiFormControlLabel-root"
          data-testid="light-dark-btn"
        >
          <span
            className="MuiSwitch-root MuiSwitch-sizeMedium css-end58r-MuiSwitch-root"
          >
            <span
              className="MuiButtonBase-root MuiSwitch-switchBase MuiSwitch-colorPrimary PrivateSwitchBase-root MuiSwitch-switchBase MuiSwitch-colorPrimary css-z8z5yk-MuiButtonBase-root-MuiSwitch-switchBase"
              onBlur={[Function]}
              onContextMenu={[Function]}
              onDragLeave={[Function]}
              onFocus={[Function]}
              onKeyDown={[Function]}
              onKeyUp={[Function]}
              onMouseDown={[Function]}
              onMouseLeave={[Function]}
              onMouseUp={[Function]}
              onTouchEnd={[Function]}
              onTouchMove={[Function]}
              onTouchStart={[Function]}
              tabIndex={null}
            >
              <input
                className="PrivateSwitchBase-input MuiSwitch-input css-1m9pwf3"
                onChange={[Function]}
                required={false}
                type="checkbox"
              />
              <span
                className="MuiSwitch-thumb css-jsexje-MuiSwitch-thumb"
              />
            </span>
            <span
              className="MuiSwitch-track css-j4fnnk-MuiSwitch-track"
            />
          </span>
          <span
            className="MuiTypography-root MuiTypography-body1 MuiFormControlLabel-label css-1lyi4-MuiTypography-root"
          />
        </label>
      </div>
    </div>
  </header>
  <section
    className="css-1jvnjzr"
    id="page-content"
  >
    <div>
      Test render message
    </div>
  </section>
</main>
`;
