// Jest Snapshot v1, https://goo.gl/fbAQLP

exports[`Home Layout Renders correctly 1`] = `
<main
  id="home-page"
>
  <div
    className="css-sks9iv"
    id="background"
  />
  <header
    className="MuiPaper-root MuiPaper-elevation MuiPaper-elevation4 MuiAppBar-root MuiAppBar-colorPrimary MuiAppBar-positionFixed mui-fixed css-15mll9a-MuiPaper-root-MuiAppBar-root"
  >
    <div
      className="MuiToolbar-root MuiToolbar-gutters MuiToolbar-regular css-1tfylnl-MuiToolbar-root"
    >
      <a
        href="/"
        onClick={[Function]}
        onMouseEnter={[Function]}
        onTouchStart={[Function]}
      >
        <img
          alt="Asecca logo"
          data-nimg="1"
          decoding="async"
          height={30}
          loading="lazy"
          onError={[Function]}
          onLoad={[Function]}
          src="/_next/image?url=%2Flogoblack.webp&w=384&q=75"
          srcSet="/_next/image?url=%2Flogoblack.webp&w=256&q=75 1x, /_next/image?url=%2Flogoblack.webp&w=384&q=75 2x"
          style={
            {
              "color": "transparent",
              "marginTop": "5px",
            }
          }
          width={150}
        />
      </a>
      <div
        className="MuiBox-root css-i9gxme"
      />
    </div>
  </header>
  <section
    className="css-1jvnjzr"
    id="page-content"
  >
    <div>
      Test render message
    </div>
  </section>
</main>
`;
