// Jest Snapshot v1, https://goo.gl/fbAQLP

exports[`Data Table Data Row Renders correctly 1`] = `
<table
  className="MuiTable-root css-rqglhn-MuiTable-root"
  role={null}
>
  <tbody
    className="MuiTableBody-root css-apqrd9-MuiTableBody-root"
    role={null}
  >
    <tr
      className="MuiTableRow-root css-1enotpu-MuiTableRow-root"
      role={null}
    >
      <td
        aria-sort={null}
        className="MuiTableCell-root MuiTableCell-body MuiTableCell-alignLeft MuiTableCell-sizeMedium css-j0r6z9-MuiTableCell-root"
      >
        Device Processing
      </td>
      <td
        aria-sort={null}
        className="MuiTableCell-root MuiTableCell-body MuiTableCell-alignLeft MuiTableCell-sizeMedium css-ujx7iw-MuiTableCell-root"
      >
        Per Device
      </td>
      <td
        aria-sort={null}
        className="MuiTableCell-root MuiTableCell-body MuiTableCell-alignLeft MuiTableCell-sizeMedium css-nx6mre-MuiTableCell-root"
      >
        £9.00
      </td>
      <td
        aria-sort={null}
        className="MuiTableCell-root MuiTableCell-body MuiTableCell-alignLeft MuiTableCell-sizeMedium css-nx6mre-MuiTableCell-root"
      >
        --
      </td>
      <td
        aria-sort={null}
        className="MuiTableCell-root MuiTableCell-body MuiTableCell-alignLeft MuiTableCell-sizeMedium css-nx6mre-MuiTableCell-root"
      >
        --
      </td>
      <td
        aria-sort={null}
        className="MuiTableCell-root MuiTableCell-body MuiTableCell-sizeMedium css-1mlukn3-MuiTableCell-root"
      >
        <div
          className="MuiFormControl-root css-e363es-MuiFormControl-root"
        >
          <div
            className="MuiInputBase-root MuiInput-root MuiInput-underline MuiInputBase-colorSecondary MuiInputBase-formControl MuiInputBase-adornedStart MuiInputBase-adornedEnd css-vg7q19-MuiInputBase-root-MuiInput-root"
            onClick={[Function]}
            onMouseDown={[Function]}
            onTouchStart={[Function]}
            required={true}
          >
            <div
              className="MuiInputAdornment-root MuiInputAdornment-positionStart MuiInputAdornment-standard MuiInputAdornment-sizeMedium css-ittuaa-MuiInputAdornment-root"
            >
              <p
                className="MuiTypography-root MuiTypography-body1 css-1pnmrwp-MuiTypography-root"
              >
                £
              </p>
            </div>
            <input
              aria-invalid={false}
              className="MuiInputBase-input MuiInput-input MuiInputBase-inputAdornedStart MuiInputBase-inputAdornedEnd css-1x51dt5-MuiInputBase-input-MuiInput-input"
              disabled={false}
              id="testrow-collection_charge-input"
              onAnimationStart={[Function]}
              onBlur={[Function]}
              onChange={[Function]}
              onFocus={[Function]}
              onKeyDown={[Function]}
              required={true}
              type="text"
              value="--"
            />
            <div
              className="MuiInputAdornment-root MuiInputAdornment-positionEnd MuiInputAdornment-standard MuiInputAdornment-sizeMedium css-1laqsz7-MuiInputAdornment-root"
            >
              <button
                aria-label="clear user entry"
                className="MuiButtonBase-root Mui-disabled MuiIconButton-root Mui-disabled MuiIconButton-sizeMedium css-78trlr-MuiButtonBase-root-MuiIconButton-root"
                disabled={true}
                onBlur={[Function]}
                onClick={[Function]}
                onContextMenu={[Function]}
                onDragLeave={[Function]}
                onFocus={[Function]}
                onKeyDown={[Function]}
                onKeyUp={[Function]}
                onMouseDown={[Function]}
                onMouseLeave={[Function]}
                onMouseUp={[Function]}
                onTouchEnd={[Function]}
                onTouchMove={[Function]}
                onTouchStart={[Function]}
                tabIndex={-1}
                type="button"
              />
            </div>
          </div>
        </div>
      </td>
      <td
        aria-sort={null}
        className="MuiTableCell-root MuiTableCell-body MuiTableCell-alignLeft MuiTableCell-sizeMedium css-1nt70hm-MuiTableCell-root"
      >
        £Global
      </td>
    </tr>
  </tbody>
</table>
`;
